// Vitest Snapshot v1, https://vitest.dev/guide/snapshot.html

exports[`PRESS_KEY_MAP > matches its snapshot 1`] = `
[
  [
    "h",
    "home",
  ],
  [
    "k",
    "back",
  ],
  [
    "u",
    "up",
  ],
  [
    "d",
    "down",
  ],
  [
    "l",
    "left",
  ],
  [
    "r",
    "right",
  ],
  [
    "s",
    "select",
  ],
  [
    "y",
    "instantreplay",
  ],
  [
    "<",
    "rev",
  ],
  [
    "b",
    "rev",
  ],
  [
    ">",
    "fwd",
  ],
  [
    "f",
    "fwd",
  ],
  [
    "i",
    "info",
  ],
  [
    "=",
    "backspace",
  ],
  [
    "p",
    "play",
  ],
  [
    "v",
    "pause",
  ],
  [
    "e",
    "enter",
  ],
  [
    "a",
    "a",
  ],
  [
    "c",
    "b",
  ],
  [
    "o",
    "playonly",
  ],
  [
    "t",
    "stop",
  ],
  [
    "+",
    "channelup",
  ],
  [
    "-",
    "channeldown",
  ],
  [
    "\\",
    "volumemute",
  ],
  [
    "#",
    "poweroff",
  ],
  [
    "0",
    "lit_0",
  ],
  [
    "1",
    "lit_1",
  ],
  [
    "2",
    "lit_2",
  ],
  [
    "3",
    "lit_3",
  ],
  [
    "4",
    "lit_4",
  ],
  [
    "5",
    "lit_5",
  ],
  [
    "6",
    "lit_6",
  ],
  [
    "7",
    "lit_7",
  ],
  [
    "8",
    "lit_8",
  ],
  [
    "9",
    "lit_9",
  ],
]
`;
