// Vitest Snapshot v1, https://vitest.dev/guide/snapshot.html

exports[`shortenPath > leaves a bare filename alone rather than injecting separators 1`] = `"averyveryv…ashes.zip"`;

exports[`shortenPath > never exceeds maxLen, even when the filename alone is longer 1`] = `"a-very-long-cha…ame-indeed.zip"`;
